.next/types/app/(app)/atividades/setor/[id]/page.ts(34,13): error TS2344: Type 'OmitWithTag<{ forcedId?: string | undefined; }, keyof PageProps, "default">' does not satisfy the constraint '{ [x: string]: never; }'.
  Property 'forcedId' is incompatible with index signature.
    Type 'string' is not assignable to type 'never'.
.next/types/app/(app)/atividades/setor/[id]/page.ts(34,29): error TS2559: Type '{ forcedId?: string | undefined; }' has no properties in common with type 'PageProps'.
src/app/(app)/admin/membros/page.tsx(66,43): error TS2367: This comparison appears to be unintentional because the types '"coordinator" | "coordinator_internal" | "coordinator_extension" | "member_editor" | "member" | "viewer"' and '"coordenador"' have no overlap.
src/app/(app)/admin/membros/page.tsx(150,11): error TS2322: Type '"viewer" | "membro" | "coordenador" | "membro_editor"' is not assignable to type '"coordinator" | "coordinator_internal" | "coordinator_extension" | "member_editor" | "member" | "viewer"'.
  Type '"membro"' is not assignable to type '"coordinator" | "coordinator_internal" | "coordinator_extension" | "member_editor" | "member" | "viewer"'. Did you mean '"member"'?
src/app/(app)/admin/membros/page.tsx(186,7): error TS2820: Type '"membro"' is not assignable to type '"admin" | "coordinator" | "coordinator_internal" | "coordinator_extension" | "member_editor" | "member" | "viewer"'. Did you mean '"member"'?
src/app/(app)/admin/membros/page.tsx(272,15): error TS2820: Type '"membro"' is not assignable to type '"admin" | "coordinator" | "coordinator_internal" | "coordinator_extension" | "member_editor" | "member" | "viewer"'. Did you mean '"member"'?
src/app/(app)/admin/responsabilidades/page.tsx(46,43): error TS2367: This comparison appears to be unintentional because the types '"coordinator" | "coordinator_internal" | "coordinator_extension" | "member_editor" | "member" | "viewer"' and '"coordenador"' have no overlap.
src/app/(app)/gerenciar/atribuicoes/page.tsx(46,7): error TS2322: Type '"pendente"' is not assignable to type 'ProjectTaskStatus'.
src/app/(app)/gerenciar/noticias/page.tsx(61,35): error TS2345: Argument of type '{ title: string; content: string; author: string; category: string; publishedAt: string; isPinned: boolean; imagePlaceholderId: string; }' is not assignable to parameter of type 'Omit<News, "id">'.
  Property 'status' is missing in type '{ title: string; content: string; author: string; category: string; publishedAt: string; isPinned: boolean; imagePlaceholderId: string; }' but required in type 'Omit<News, "id">'.
src/app/(app)/gerenciar/usuarios/page.tsx(68,24): error TS2345: Argument of type '"admin" | "coordinator" | "coordinator_internal" | "coordinator_extension" | "member_editor" | "member" | "viewer" | null' is not assignable to parameter of type 'SetStateAction<"coordinator" | "member" | null>'.
  Type '"admin"' is not assignable to type 'SetStateAction<"coordinator" | "member" | null>'.
src/app/(app)/minhas-tarefas/page.tsx(54,49): error TS2345: Argument of type 'string' is not assignable to parameter of type '{ report: string; mediaUrl?: string | undefined; socialMediaPlatform?: "instagram" | "tiktok" | "youtube" | "site" | undefined; isPublishedOnSite?: boolean | undefined; }'.
src/components/activity-timeline.tsx(91,20): error TS2304: Cannot find name 'Badge'.
src/components/activity-timeline.tsx(98,21): error TS2304: Cannot find name 'Badge'.
src/components/ascom-activities-board.tsx(186,39): error TS2339: Property 'isStories' does not exist on type 'ProjectTask'.
src/components/ascom-activities-board.tsx(186,57): error TS2339: Property 'isReels' does not exist on type 'ProjectTask'.
src/components/ascom-activities-board.tsx(188,44): error TS2339: Property 'isStories' does not exist on type 'ProjectTask'.
src/components/ascom-activities-board.tsx(189,44): error TS2339: Property 'isReels' does not exist on type 'ProjectTask'.
src/components/ascom-internal-flow.tsx(41,9): error TS2322: Type '"pendente"' is not assignable to type 'ProjectTaskStatus'.
src/components/gallery-upload.tsx(46,26): error TS2551: Property 'areaPrincipal' does not exist on type 'MembroResponsabilidades'. Did you mean 'areasPrincipais'?
src/components/gallery-upload.tsx(47,35): error TS2551: Property 'areaPrincipal' does not exist on type 'MembroResponsabilidades'. Did you mean 'areasPrincipais'?
src/components/gallery-upload.tsx(88,9): error TS2345: Argument of type '"foto"' is not assignable to parameter of type '"audio" | "video" | "imagem" | "documento"'.
src/components/gallery-upload.tsx(91,21): error TS2339: Property 'sucesso' does not exist on type 'Promise<{ sucesso: boolean; id?: string | undefined; mensagem: string; }>'.
src/components/gallery-upload.tsx(98,44): error TS2339: Property 'mensagem' does not exist on type 'Promise<{ sucesso: boolean; id?: string | undefined; mensagem: string; }>'.
src/components/image-editor.tsx(82,15): error TS2345: Argument of type '"imagem_editada"' is not assignable to parameter of type '"audio" | "video" | "imagem" | "documento"'.
src/components/inline-editor.tsx(75,13): error TS2345: Argument of type '"texto_editado"' is not assignable to parameter of type '"audio" | "video" | "imagem" | "documento"'.
src/components/my-tasks.tsx(165,46): error TS2367: This comparison appears to be unintentional because the types 'ProjectTaskStatus' and '"pendente"' have no overlap.
src/components/task-workflow-manager.tsx(87,20): error TS2367: This comparison appears to be unintentional because the types 'ProjectTaskStatus' and '"aguardando_recebimento"' have no overlap.
src/components/task-workflow-manager.tsx(381,23): error TS2367: This comparison appears to be unintentional because the types 'ProjectTaskStatus' and '"aguardando_recebimento"' have no overlap.
src/components/task-workflow-manager.tsx(395,27): error TS2367: This comparison appears to be unintentional because the types 'ProjectTaskStatus' and '"aceito"' have no overlap.
src/components/task-workflow-manager.tsx(395,55): error TS2367: This comparison appears to be unintentional because the types 'ProjectTaskStatus' and '"pendente"' have no overlap.
src/components/task-workflow-manager.tsx(459,29): error TS2367: This comparison appears to be unintentional because the types '"nao_iniciado" | "em_andamento" | "em_revisao" | "aguardando_outro_setor" | "atrasada" | "bloqueado"' and '"aguardando_recebimento"' have no overlap.
src/components/ui/calendar.tsx(57,9): error TS2353: Object literal may only specify known properties, and 'IconLeft' does not exist in type 'Partial<CustomComponents>'.
src/components/ui/calendar.tsx(57,22): error TS7031: Binding element 'className' implicitly has an 'any' type.
src/components/ui/calendar.tsx(60,23): error TS7031: Binding element 'className' implicitly has an 'any' type.
